Analyzing mihrab...                                             

   info • Use an initializing formal to assign a parameter to a field. Try using an initialing formal ('this._settings') to initialize the field • lib/features/home/presentation/cubit/home_cubit.dart:71:9 • prefer_initializing_formals
   info • Use an initializing formal to assign a parameter to a field. Try using an initialing formal ('this._getPrayerTimes') to initialize the field • lib/features/home/presentation/cubit/home_cubit.dart:72:9 • prefer_initializing_formals
   info • Use an initializing formal to assign a parameter to a field. Try using an initialing formal ('this._timezoneRepo') to initialize the field • lib/features/home/presentation/cubit/home_cubit.dart:73:9 • prefer_initializing_formals
   info • Use an initializing formal to assign a parameter to a field. Try using an initialing formal ('this._locationNotifier') to initialize the field • lib/features/home/presentation/cubit/home_cubit.dart:74:9 • prefer_initializing_formals
   info • 'withOpacity' is deprecated and shouldn't be used. Use .withValues() to avoid precision loss. Try replacing the use of the deprecated member with the replacement • lib/features/home/presentation/pages/home_page.dart:90:50 • deprecated_member_use
   info • 'withOpacity' is deprecated and shouldn't be used. Use .withValues() to avoid precision loss. Try replacing the use of the deprecated member with the replacement • lib/features/home/presentation/pages/home_page.dart:154:41 • deprecated_member_use
   info • 'withOpacity' is deprecated and shouldn't be used. Use .withValues() to avoid precision loss. Try replacing the use of the deprecated member with the replacement • lib/features/home/presentation/pages/home_page.dart:168:41 • deprecated_member_use
   info • 'withOpacity' is deprecated and shouldn't be used. Use .withValues() to avoid precision loss. Try replacing the use of the deprecated member with the replacement • lib/features/home/presentation/pages/home_page.dart:187:41 • deprecated_member_use
   info • 'withOpacity' is deprecated and shouldn't be used. Use .withValues() to avoid precision loss. Try replacing the use of the deprecated member with the replacement • lib/features/home/presentation/pages/home_page.dart:322:37 • deprecated_member_use
   info • 'withOpacity' is deprecated and shouldn't be used. Use .withValues() to avoid precision loss. Try replacing the use of the deprecated member with the replacement • lib/features/home/presentation/pages/home_page.dart:331:41 • deprecated_member_use
   info • 'withOpacity' is deprecated and shouldn't be used. Use .withValues() to avoid precision loss. Try replacing the use of the deprecated member with the replacement • lib/features/home/presentation/pages/home_page.dart:346:41 • deprecated_member_use
   info • 'withOpacity' is deprecated and shouldn't be used. Use .withValues() to avoid precision loss. Try replacing the use of the deprecated member with the replacement • lib/features/home/presentation/pages/home_page.dart:354:39 • deprecated_member_use
   info • 'withOpacity' is deprecated and shouldn't be used. Use .withValues() to avoid precision loss. Try replacing the use of the deprecated member with the replacement • lib/features/home/presentation/widgets/next_prayer_card.dart:70:35 • deprecated_member_use
   info • 'withOpacity' is deprecated and shouldn't be used. Use .withValues() to avoid precision loss. Try replacing the use of the deprecated member with the replacement • lib/features/home/presentation/widgets/next_prayer_card.dart:79:37 • deprecated_member_use
   info • 'withOpacity' is deprecated and shouldn't be used. Use .withValues() to avoid precision loss. Try replacing the use of the deprecated member with the replacement • lib/features/home/presentation/widgets/next_prayer_card.dart:85:39 • deprecated_member_use
   info • 'withOpacity' is deprecated and shouldn't be used. Use .withValues() to avoid precision loss. Try replacing the use of the deprecated member with the replacement • lib/features/home/presentation/widgets/next_prayer_card.dart:111:35 • deprecated_member_use
   info • 'withOpacity' is deprecated and shouldn't be used. Use .withValues() to avoid precision loss. Try replacing the use of the deprecated member with the replacement • lib/features/home/presentation/widgets/next_prayer_card.dart:125:33 • deprecated_member_use
   info • 'withOpacity' is deprecated and shouldn't be used. Use .withValues() to avoid precision loss. Try replacing the use of the deprecated member with the replacement • lib/features/home/presentation/widgets/next_prayer_card.dart:131:35 • deprecated_member_use
   info • 'withOpacity' is deprecated and shouldn't be used. Use .withValues() to avoid precision loss. Try replacing the use of the deprecated member with the replacement • lib/features/home/presentation/widgets/prayer_list.dart:73:35 • deprecated_member_use
   info • 'withOpacity' is deprecated and shouldn't be used. Use .withValues() to avoid precision loss. Try replacing the use of the deprecated member with the replacement • lib/features/home/presentation/widgets/prayer_list.dart:115:44 • deprecated_member_use
   info • 'withOpacity' is deprecated and shouldn't be used. Use .withValues() to avoid precision loss. Try replacing the use of the deprecated member with the replacement • lib/features/home/presentation/widgets/prayer_list.dart:125:49 • deprecated_member_use
   info • 'withOpacity' is deprecated and shouldn't be used. Use .withValues() to avoid precision loss. Try replacing the use of the deprecated member with the replacement • lib/features/home/presentation/widgets/prayer_list.dart:140:38 • deprecated_member_use
   info • 'withOpacity' is deprecated and shouldn't be used. Use .withValues() to avoid precision loss. Try replacing the use of the deprecated member with the replacement • lib/features/home/presentation/widgets/prayer_list.dart:152:46 • deprecated_member_use
   info • 'withOpacity' is deprecated and shouldn't be used. Use .withValues() to avoid precision loss. Try replacing the use of the deprecated member with the replacement • lib/features/home/presentation/widgets/prayer_list.dart:155:50 • deprecated_member_use
   info • 'withOpacity' is deprecated and shouldn't be used. Use .withValues() to avoid precision loss. Try replacing the use of the deprecated member with the replacement • lib/features/home/presentation/widgets/prayer_list.dart:215:28 • deprecated_member_use
   info • 'withOpacity' is deprecated and shouldn't be used. Use .withValues() to avoid precision loss. Try replacing the use of the deprecated member with the replacement • lib/features/home/presentation/widgets/prayer_list.dart:216:28 • deprecated_member_use
   info • 'withOpacity' is deprecated and shouldn't be used. Use .withValues() to avoid precision loss. Try replacing the use of the deprecated member with the replacement • lib/features/home/presentation/widgets/quick_access_row.dart:101:45 • deprecated_member_use
   info • 'withOpacity' is deprecated and shouldn't be used. Use .withValues() to avoid precision loss. Try replacing the use of the deprecated member with the replacement • lib/features/home/presentation/widgets/quick_access_row.dart:112:45 • deprecated_member_use
   info • 'withOpacity' is deprecated and shouldn't be used. Use .withValues() to avoid precision loss. Try replacing the use of the deprecated member with the replacement • lib/features/home/presentation/widgets/quick_access_row.dart:124:41 • deprecated_member_use

29 issues found. (ran in 1.0s)
